Microchip MPLAB XC8 Compiler V2.50

Linker command line:

-W-3 \
  --edf=C:\Program Files\Microchip\xc8\v2.50\pic\dat\20240725155939_en.msgs \
  -cn -h+dist/default/production\24011_022_CAR_BLOCK_BOX.X.production.sym \
  --cmf=dist/default/production\24011_022_CAR_BLOCK_BOX.X.production.cmf -z \
  -Q16F877A -oC:\Users\sudh1\AppData\Local\Temp\xcAsf4o.\driver_tmp_3.o \
  --defsym=__MPLAB_BUILD=1 --fixupoverflow=error \
  -Mdist/default/production/24011_022_CAR_BLOCK_BOX.X.production.map \
  --md=C:\Users\sudh1\AppData\Local\Temp\xcAsf4o.\driver_tmp_0.dat -E1 \
  -ver=XC8 Compiler --acfsm=1493 -ACODE=00h-07FFhx4 -ASTRCODE=00h-01FFFh \
  -ASTRING=00h-0FFhx32 -ACONST=00h-0FFhx32 -AENTRY=00h-0FFhx32 \
  -ACOMMON=070h-07Fh -ABANK0=020h-06Fh -ABANK1=0A0h-0EFh \
  -ABANK2=0110h-016Fh -ABANK3=0190h-01EFh \
  -ARAM=020h-06Fh,0A0h-0EFh,0110h-016Fh,0190h-01EFh \
  -AABS1=020h-07Fh,0A0h-0EFh,0110h-016Fh,0190h-01EFh -ASFR0=00h-01Fh \
  -ASFR1=080h-09Fh -ASFR2=0100h-010Fh -ASFR3=0180h-018Fh \
  -ACONFIG=02007h-02007h -DCONFIG=2 -AIDLOC=02000h-02003h -DIDLOC=2 \
  -AEEDATA=00h-0FFh/02100h -peeprom_data=EEDATA -DEEDATA=2 -DCODE=2 \
  -DSTRCODE=2 -DSTRING=2 -DCONST=2 -DENTRY=2 \
  -preset_vec=00h,intentry=04h,sivt,init,end_init -ppowerup=CODE \
  -pcinit=CODE -pfunctab=ENTRY -k \
  C:\Users\sudh1\AppData\Local\Temp\xcAsf4o.\driver_tmp_12.o \
  dist/default/production\24011_022_CAR_BLOCK_BOX.X.production.o 

Object code version is 3.11

Machine type is 16F877A



                Name                               Link     Load   Length Selector   Space Scale
C:\Users\sudh1\AppData\Local\Temp\xcAsf4o.\driver_tmp_12.o
                end_init                              C        C        3        8       0
                reset_vec                             0        0        3        0       0
                config                             2007     2007        1        0       4
                idloc                              2000     2000        4        0       5
dist/default/production\24011_022_CAR_BLOCK_BOX.X.production.o
                cinit                                 F        F       24        8       0
                intentry                              4        4        8        8       0
                config                             2007     2007        1        0       4
                idloc                              2000     2000        4        0       5
                text51                             13EB     13EB       36     27D6       0
                text50                              C67      C67      1CA     18CE       0
                text49                              86B      86B       76     10D6       0
                text48                              8E1      8E1       B6     11C2       0
                text47                             1421     1421       36     2842       0
                text46                             135A     135A       2F     26B4       0
                text45                             11D6     11D6       15     23AC       0
                text44                             14D5     14D5       4B     29AA       0
                text43                             1491     1491       44     2922       0
                text42                             1FAB     1FAB        D     3F56       0
                text41                             1F62     1F62        9     3EC4       0
                text40                             1F6B     1F6B        9     3ED6       0
                text39                             1F74     1F74        B     3EE8       0
                text38                              7D7      7D7       27        8       0
                text37                             12AC     12AC       2B     2558       0
                text36                              659      659      17E        8       0
                text35                             16D4     16D4       63     2DA8       0
                text34                             15C1     15C1       57     2B82       0
                text33                             1FED     1FED       13     3FDA       0
                text32                             1FB8     1FB8       11     3F70       0
                text31                             1222     1222       21     2444       0
                text30                             1F7F     1F7F        B     3EFE       0
                text29                             12D7     12D7       2B     25AE       0
                text28                             1520     1520       4D     2A40       0
                text27                             1204     1204       1E     2408       0
                text26                              37F      37F      2DA        8       0
                text25                             132D     132D       2D     265A       0
                text24                             1672     1672       62     2CE4       0
                text23                             156D     156D       54     2ADA       0
                text22                             1F8A     1F8A        B     3F14       0
                text21                             1286     1286       26     250C       0
                text20                             1302     1302       2B     2604       0
                text19                              A53      A53      103     14A6       0
                text18                             1F53     1F53        7     3EA6       0
                text17                             1737     1737       63     2E6E       0
                text16                             1F95     1F95        B     3F2A       0
                text15                             1F4D     1F4D        6     3E9A       0
                text14                             1FC9     1FC9       12     3F92       0
                text13                             179A     179A       66     2F34       0
                text12                             13B9     13B9       32     2772       0
                text11                             1FA0     1FA0        B     3F40       0
                text10                             1389     1389       30     2712       0
                text9                              1457     1457       3A     28AE       0
                text8                              1264     1264       22     24C8       0
                text7                              1618     1618       5A     2C30       0
                text6                               E31      E31      1CF     1C62       0
                text5                               997      997       BC     132E       0
                text4                              1FDB     1FDB       12     3FB6       0
                text3                               800      800       6B     1000       0
                text2                              1243     1243       21     2486       0
                text1                               B56      B56      111     16AC       0
                maintext                             33       33      34C        8       0
                cstackBANK0                          20       20       32       20       1
                cstackCOMMON                         70       70        A       70       1
                cstackBANK3                         190      190       16      190       1
                clrtext                            1F5A     1F5A        8     3EB4       0
                inittext                           11C3     11C3       13     2386       0
                dataBANK1                            CD       CD       19       A0       1
                bssBANK1                             A0       A0       2D       A0       1
                bssBANK0                             52       52        A       20       1
                bssCOMMON                            7A       7A        2       70       1
                stringtext                         1000     1000      1C1       20       0
                strings                            1800     1800       12     3000       0
                idataBANK1                         11EB     11EB       19     23D6       0

TOTAL           Name                               Link     Load   Length     Space
        CLASS   CODE           
                end_init                              C        C        3         0
                cinit                                 F        F       24         0
                intentry                              4        4        8         0
                reset_vec                             0        0        3         0
                text51                             13EB     13EB       36         0
                text50                              C67      C67      1CA         0
                text49                              86B      86B       76         0
                text48                              8E1      8E1       B6         0
                text47                             1421     1421       36         0
                text46                             135A     135A       2F         0
                text45                             11D6     11D6       15         0
                text44                             14D5     14D5       4B         0
                text43                             1491     1491       44         0
                text42                             1FAB     1FAB        D         0
                text41                             1F62     1F62        9         0
                text40                             1F6B     1F6B        9         0
                text39                             1F74     1F74        B         0
                text38                              7D7      7D7       27         0
                text37                             12AC     12AC       2B         0
                text36                              659      659      17E         0
                text35                             16D4     16D4       63         0
                text34                             15C1     15C1       57         0
                text33                             1FED     1FED       13         0
                text32                             1FB8     1FB8       11         0
                text31                             1222     1222       21         0
                text30                             1F7F     1F7F        B         0
                text29                             12D7     12D7       2B         0
                text28                             1520     1520       4D         0
                text27                             1204     1204       1E         0
                text26                              37F      37F      2DA         0
                text25                             132D     132D       2D         0
                text24                             1672     1672       62         0
                text23                             156D     156D       54         0
                text22                             1F8A     1F8A        B         0
                text21                             1286     1286       26         0
                text20                             1302     1302       2B         0
                text19                              A53      A53      103         0
                text18                             1F53     1F53        7         0
                text17                             1737     1737       63         0
                text16                             1F95     1F95        B         0
                text15                             1F4D     1F4D        6         0
                text14                             1FC9     1FC9       12         0
                text13                             179A     179A       66         0
                text12                             13B9     13B9       32         0
                text11                             1FA0     1FA0        B         0
                text10                             1389     1389       30         0
                text9                              1457     1457       3A         0
                text8                              1264     1264       22         0
                text7                              1618     1618       5A         0
                text6                               E31      E31      1CF         0
                text5                               997      997       BC         0
                text4                              1FDB     1FDB       12         0
                text3                               800      800       6B         0
                text2                              1243     1243       21         0
                text1                               B56      B56      111         0
                maintext                             33       33      34C         0
                clrtext                            1F5A     1F5A        8         0
                inittext                           11C3     11C3       13         0
                idataBANK1                         11EB     11EB       19         0

        CLASS   STRCODE        
                stringtext                         1000     1000      1C1         0

        CLASS   STRING         
                strings                            1800     1800       12         0

        CLASS   CONST          

        CLASS   ENTRY          

        CLASS   COMMON         
                cstackCOMMON                         70       70        A         1
                bssCOMMON                            7A       7A        2         1

        CLASS   BANK0          
                cstackBANK0                          20       20       32         1
                bssBANK0                             52       52        A         1

        CLASS   BANK1          
                dataBANK1                            CD       CD       19         1
                bssBANK1                             A0       A0       2D         1

        CLASS   BANK2          

        CLASS   BANK3          
                cstackBANK3                         190      190       16         1

        CLASS   RAM            

        CLASS   ABS1           
                abs_s1                               7E       7E        2         1

        CLASS   SFR0           

        CLASS   SFR1           

        CLASS   SFR2           

        CLASS   SFR3           

        CLASS   CONFIG         
                config                             2007     2007        1         4

        CLASS   IDLOC          
                idloc                              2000     2000        4         5

        CLASS   EEDATA         

        CLASS   HEAP           

        CLASS   STACK          



SEGMENTS        Name                           Load    Length   Top    Selector   Space  Class     Delta

                reset_vec                      000000  000003  000003         0       0  CODE        2
                intentry                       000004  0007FA  0007FE         8       0  CODE        2
                cstackBANK0                    000020  00003C  00005C        20       1  BANK0       1
                cstackCOMMON                   000070  00000C  00007C        70       1  COMMON      1
                bssBANK1                       0000A0  000046  0000E6        A0       1  BANK1       1
                cstackBANK3                    000190  000016  0001A6       190       1  BANK3       1
                text3                          000800  00006B  00086B      1000       0  CODE        2
                text49                         00086B  000076  0008E1      10D6       0  CODE        2
                text48                         0008E1  0000B6  000997      11C2       0  CODE        2
                text5                          000997  0000BC  000A53      132E       0  CODE        2
                text19                         000A53  000103  000B56      14A6       0  CODE        2
                text1                          000B56  000111  000C67      16AC       0  CODE        2
                text50                         000C67  0001CA  000E31      18CE       0  CODE        2
                text6                          000E31  0001CF  001000      1C62       0  CODE        2
                stringtext                     001000  0001C1  0011C1        20       0  STRCODE     2
                inittext                       0011C3  000013  0011D6      2386       0  CODE        2
                text45                         0011D6  000015  0011EB      23AC       0  CODE        2
                idataBANK1                     0011EB  000019  001204      23D6       0  CODE        2
                text27                         001204  00001E  001222      2408       0  CODE        2
                text31                         001222  000021  001243      2444       0  CODE        2
                text2                          001243  000021  001264      2486       0  CODE        2
                text8                          001264  000022  001286      24C8       0  CODE        2
                text21                         001286  000026  0012AC      250C       0  CODE        2
                text37                         0012AC  00002B  0012D7      2558       0  CODE        2
                text29                         0012D7  00002B  001302      25AE       0  CODE        2
                text20                         001302  00002B  00132D      2604       0  CODE        2
                text25                         00132D  00002D  00135A      265A       0  CODE        2
                text46                         00135A  00002F  001389      26B4       0  CODE        2
                text10                         001389  000030  0013B9      2712       0  CODE        2
                text12                         0013B9  000032  0013EB      2772       0  CODE        2
                text51                         0013EB  000036  001421      27D6       0  CODE        2
                text47                         001421  000036  001457      2842       0  CODE        2
                text9                          001457  00003A  001491      28AE       0  CODE        2
                text43                         001491  000044  0014D5      2922       0  CODE        2
                text44                         0014D5  00004B  001520      29AA       0  CODE        2
                text28                         001520  00004D  00156D      2A40       0  CODE        2
                text23                         00156D  000054  0015C1      2ADA       0  CODE        2
                text34                         0015C1  000057  001618      2B82       0  CODE        2
                text7                          001618  00005A  001672      2C30       0  CODE        2
                text24                         001672  000062  0016D4      2CE4       0  CODE        2
                text35                         0016D4  000063  001737      2DA8       0  CODE        2
                text17                         001737  000063  00179A      2E6E       0  CODE        2
                text13                         00179A  000066  001800      2F34       0  CODE        2
                strings                        001800  000012  001812      3000       0  STRING      2
                text15                         001F4D  000006  001F53      3E9A       0  CODE        2
                text18                         001F53  000007  001F5A      3EA6       0  CODE        2
                clrtext                        001F5A  000008  001F62      3EB4       0  CODE        2
                text41                         001F62  000009  001F6B      3EC4       0  CODE        2
                text40                         001F6B  000009  001F74      3ED6       0  CODE        2
                text39                         001F74  00000B  001F7F      3EE8       0  CODE        2
                text30                         001F7F  00000B  001F8A      3EFE       0  CODE        2
                text22                         001F8A  00000B  001F95      3F14       0  CODE        2
                text16                         001F95  00000B  001FA0      3F2A       0  CODE        2
                text11                         001FA0  00000B  001FAB      3F40       0  CODE        2
                text42                         001FAB  00000D  001FB8      3F56       0  CODE        2
                text32                         001FB8  000011  001FC9      3F70       0  CODE        2
                text14                         001FC9  000012  001FDB      3F92       0  CODE        2
                text4                          001FDB  000012  001FED      3FB6       0  CODE        2
                text33                         001FED  000013  002000      3FDA       0  CODE        2


UNUSED ADDRESS RANGES

        Name                Unused          Largest block    Delta
        BANK0            005C-006F             14           1
        BANK1            00E6-00EF              A           1
        BANK2            0110-016F             60           1
        BANK3            01A6-01EF             4A           1
        CODE             0003-0003              1           2
                         07FE-07FF              2
                         11C1-11C2              2
                         1812-1F4C            73B
        COMMON           007C-007D              2           1
        CONST            0003-0003              1           2
                         07FE-07FF              2
                         11C1-11C2              2
                         1812-1F4C            100
        EEDATA           2100-21FF            100           2
        ENTRY            0003-0003              1           2
                         07FE-07FF              2
                         11C1-11C2              2
                         1812-1F4C            100
        RAM              005C-006F             14           1
                         00E6-00EF              A
                         0110-016F             60
                         01A6-01EF             4A
        SFR0             0000-001F             20           1
        SFR1             0080-009F             20           1
        SFR2             0100-010F             10           1
        SFR3             0180-018F             10           1
        STRCODE          0003-0003              1           2
                         07FE-07FF              2
                         11C1-11C2              2
                         1812-1F4C            73B
        STRING           0003-0003              1           2
                         07FE-07FF              2
                         11C1-11C2              2
                         1812-1F4C            100

                                  Symbol Table

?___awdiv                        cstackCOMMON 0072
?___awmod                        cstackCOMMON 0072
?___fldiv                        cstackBANK0  002A
?___fltol                        cstackBANK0  0044
?___lldiv                        cstackCOMMON 0072
?___xxtofl                       cstackCOMMON 0076
?_read_adc                       cstackCOMMON 0072
?_strncmp                        cstackCOMMON 0072
_ACKDT                           (abs)        048D
_ACKEN                           (abs)        048C
_ACKSTAT                         (abs)        048E
_ADFM                            (abs)        04FF
_ADON                            (abs)        00F8
_ADRESH                          (abs)        001E
_ADRESL                          (abs)        009E
_CREN                            (abs)        00C4
_GIE                             (abs)        005F
_GO                              (abs)        00FA
_PEIE                            (abs)        005E
_PEN                             (abs)        048A
_PORTB                           (abs)        0006
_PORTD                           (abs)        0008
_PR2                             (abs)        0092
_RCEN                            (abs)        048B
_RCIF                            (abs)        0065
_RCREG                           (abs)        001A
_RE1                             (abs)        0049
_RE2                             (abs)        004A
_R_nW                            (abs)        04A2
_SEN                             (abs)        0488
_SPBRG                           (abs)        0099
_SPEN                            (abs)        00C7
_SSPADD                          (abs)        0093
_SSPBUF                          (abs)        0013
_SSPCON2                         (abs)        0091
_SSPEN                           (abs)        00A5
_SSPM3                           (abs)        00A3
_T2CKPS0                         (abs)        0090
_T2CKPS1                         (abs)        0091
_TMR2IE                          (abs)        0461
_TMR2IF                          (abs)        0061
_TMR2ON                          (abs)        0092
_TRISB                           (abs)        0086
_TRISD                           (abs)        0088
_TRISE1                          (abs)        0449
_TRISE2                          (abs)        044A
_TXIF                            (abs)        0064
_TXREG                           (abs)        0019
__H__absolute__                  __absolute__ 0000
__Habs1                          abs1         0000
__Hbank0                         bank0        0000
__Hbank1                         bank1        0000
__Hbank2                         bank2        0000
__Hbank3                         bank3        0000
__HbssBANK0                      bssBANK0     0000
__HbssBANK1                      bssBANK1     0000
__HbssCOMMON                     bssCOMMON    0000
__Hcinit                         cinit        0033
__Hclrtext                       clrtext      0000
__Hcode                          code         0000
__Hcommon                        common       0000
__Hconfig                        config       2008
__HcstackBANK0                   cstackBANK0  0000
__HcstackBANK3                   cstackBANK3  0000
__HcstackCOMMON                  cstackCOMMON 0000
__HdataBANK1                     dataBANK1    0000
__Heeprom_data                   eeprom_data  0000
__Hend_init                      end_init     000F
__Hfunctab                       functab      0000
__Hheap                          heap         0000
__HidataBANK1                    idataBANK1   0000
__Hidloc                         idloc        2004
__Hinit                          init         000C
__Hinittext                      inittext     0000
__Hintentry                      intentry     000C
__Hmaintext                      maintext     0000
__Hpowerup                       powerup      0000
__Hram                           ram          0000
__Hreset_vec                     reset_vec    0003
__Hsfr0                          sfr0         0000
__Hsfr1                          sfr1         0000
__Hsfr2                          sfr2         0000
__Hsfr3                          sfr3         0000
__Hsivt                          sivt         000C
__Hspace_0                       (abs)        2000
__Hspace_1                       (abs)        01A6
__Hspace_2                       (abs)        0000
__Hspace_3                       (abs)        0000
__Hspace_4                       (abs)        400F
__Hstack                         stack        0000
__Hstrings                       strings      0000
__Hstringtext                    stringtext   0000
__Htext                          text         0000
__L__absolute__                  __absolute__ 0000
__Labs1                          abs1         0000
__Lbank0                         bank0        0000
__Lbank1                         bank1        0000
__Lbank2                         bank2        0000
__Lbank3                         bank3        0000
__LbssBANK0                      bssBANK0     0000
__LbssBANK1                      bssBANK1     0000
__LbssCOMMON                     bssCOMMON    0000
__Lcinit                         cinit        000F
__Lclrtext                       clrtext      0000
__Lcode                          code         0000
__Lcommon                        common       0000
__Lconfig                        config       0000
__LcstackBANK0                   cstackBANK0  0000
__LcstackBANK3                   cstackBANK3  0000
__LcstackCOMMON                  cstackCOMMON 0000
__LdataBANK1                     dataBANK1    0000
__Leeprom_data                   eeprom_data  0000
__Lend_init                      end_init     000C
__Lfunctab                       functab      0000
__Lheap                          heap         0000
__LidataBANK1                    idataBANK1   0000
__Lidloc                         idloc        0000
__Linit                          init         000C
__Linittext                      inittext     0000
__Lintentry                      intentry     0004
__Lmaintext                      maintext     0000
__Lpowerup                       powerup      0000
__Lram                           ram          0000
__Lreset_vec                     reset_vec    0000
__Lsfr0                          sfr0         0000
__Lsfr1                          sfr1         0000
__Lsfr2                          sfr2         0000
__Lsfr3                          sfr3         0000
__Lsivt                          sivt         000C
__Lspace_0                       (abs)        0000
__Lspace_1                       (abs)        0000
__Lspace_2                       (abs)        0000
__Lspace_3                       (abs)        0000
__Lspace_4                       (abs)        0000
__Lstack                         stack        0000
__Lstrings                       strings      0000
__Lstringtext                    stringtext   0000
__Ltext                          text         0000
__S0                             (abs)        2000
__S1                             (abs)        01A6
__S3                             (abs)        0000
___awdiv                         text35       16D4
___awdiv@counter                 cstackCOMMON 0076
___awdiv@dividend                cstackCOMMON 0074
___awdiv@divisor                 cstackCOMMON 0072
___awdiv@quotient                cstackCOMMON 0078
___awdiv@sign                    cstackCOMMON 0077
___awmod                         text34       15C1
___awmod@counter                 cstackCOMMON 0076
___awmod@dividend                cstackCOMMON 0074
___awmod@divisor                 cstackCOMMON 0072
___awmod@sign                    cstackCOMMON 0077
___bmul                          text33       1FED
___bmul@multiplicand             cstackCOMMON 0072
___bmul@multiplier               cstackCOMMON 0074
___bmul@product                  cstackCOMMON 0073
___fldiv                         text50       0C67
___fldiv@a                       cstackBANK0  002A
___fldiv@aexp                    cstackBANK0  0043
___fldiv@b                       cstackBANK0  002E
___fldiv@bexp                    cstackBANK0  0042
___fldiv@grs                     cstackBANK0  003E
___fldiv@new_exp                 cstackBANK0  003C
___fldiv@rem                     cstackBANK0  0037
___fldiv@sign                    cstackBANK0  003B
___fltol                         text49       086B
___fltol@exp1                    cstackBANK0  004D
___fltol@f1                      cstackBANK0  0044
___fltol@sign1                   cstackBANK0  004C
___heap_hi                       (abs)        0000
___heap_lo                       (abs)        0000
___int_sp                        stack        0000
___int_stack_hi                  stack        0000
___int_stack_lo                  stack        0000
___latbits                       (abs)        0002
___lldiv                         text13       179A
___lldiv@counter                 cstackBANK0  0025
___lldiv@dividend                cstackCOMMON 0076
___lldiv@divisor                 cstackCOMMON 0072
___lldiv@quotient                cstackBANK0  0021
___sp                            stack        0000
___stack_hi                      stack        0000
___stack_lo                      stack        0000
___stackhi                       (abs)        0000
___stacklo                       (abs)        0000
___xxtofl                        text48       08E1
___xxtofl@arg                    cstackBANK0  0026
___xxtofl@exp                    cstackBANK0  0025
___xxtofl@sign                   cstackBANK0  0024
___xxtofl@val                    cstackCOMMON 0076
__end_of___awdiv                 text35       1737
__end_of___awmod                 text34       1618
__end_of___bmul                  text33       2000
__end_of___fldiv                 text50       0E31
__end_of___fltol                 text49       08E1
__end_of___lldiv                 text13       1800
__end_of___xxtofl                text48       0997
__end_of__initialization         cinit        002F
__end_of__stringtab              strings      1812
__end_of_change_password         text36       07D7
__end_of_change_time             text26       0659
__end_of_clcd_print              text46       1389
__end_of_clcd_putch              text45       11EB
__end_of_clcd_write              text47       1457
__end_of_clear_clcd_screen       text32       1FC9
__end_of_clear_log               text25       135A
__end_of_display_dashboard       text23       15C1
__end_of_display_time            text24       16D4
__end_of_download_log            text19       0B56
__end_of_get_time                text28       156D
__end_of_i2c_read                text31       1243
__end_of_i2c_rep_start           text30       1F8A
__end_of_i2c_start               text41       1F6B
__end_of_i2c_stop                text40       1F74
__end_of_i2c_wait_for_idle       text42       1FB8
__end_of_i2c_write               text39       1F7F
__end_of_init_adc                text18       1F5A
__end_of_init_clcd               text16       1FA0
__end_of_init_config             text9        1491
__end_of_init_digital_keypad     text15       1F53
__end_of_init_display_controller text17       179A
__end_of_init_ds1307             text14       1FDB
__end_of_init_i2c                text12       13EB
__end_of_init_timer2             text11       1FAB
__end_of_init_uart               text10       13B9
__end_of_isr                     text51       1421
__end_of_log_car_event           text7        1672
__end_of_login                   text6        1000
__end_of_main                    maintext     037F
__end_of_menu_screen             text5        0A53
__end_of_putchar                 text22       1F95
__end_of_puts                    text21       12AC
__end_of_read_adc                text4        1FED
__end_of_read_at24c04            text20       132D
__end_of_read_digital_keypad     text3        086B
__end_of_read_ds1307             text29       1302
__end_of_record_log              text8        1286
__end_of_strcpy                  text2        1264
__end_of_strncmp                 text44       1520
__end_of_strncpy                 text43       14D5
__end_of_view_log                text1        0C67
__end_of_write_at24c04           text38       07FE
__end_of_write_ds1307            text27       1222
__end_of_write_str_at24c04       text37       12D7
__initialization                 cinit        000F
__pbssBANK0                      bssBANK0     0052
__pbssBANK1                      bssBANK1     00A0
__pbssCOMMON                     bssCOMMON    007A
__pcstackBANK0                   cstackBANK0  0020
__pcstackBANK3                   cstackBANK3  0190
__pcstackCOMMON                  cstackCOMMON 0070
__pdataBANK1                     dataBANK1    00CD
__pidataBANK1                    idataBANK1   11EB
__pintentry                      intentry     0004
__pmaintext                      maintext     0033
__pstrings                       strings      1800
__pstringtext                    stringtext   1000
__ptext1                         text1        0B56
__ptext10                        text10       1389
__ptext11                        text11       1FA0
__ptext12                        text12       13B9
__ptext13                        text13       179A
__ptext14                        text14       1FC9
__ptext15                        text15       1F4D
__ptext16                        text16       1F95
__ptext17                        text17       1737
__ptext18                        text18       1F53
__ptext19                        text19       0A53
__ptext2                         text2        1243
__ptext20                        text20       1302
__ptext21                        text21       1286
__ptext22                        text22       1F8A
__ptext23                        text23       156D
__ptext24                        text24       1672
__ptext25                        text25       132D
__ptext26                        text26       037F
__ptext27                        text27       1204
__ptext28                        text28       1520
__ptext29                        text29       12D7
__ptext3                         text3        0800
__ptext30                        text30       1F7F
__ptext31                        text31       1222
__ptext32                        text32       1FB8
__ptext33                        text33       1FED
__ptext34                        text34       15C1
__ptext35                        text35       16D4
__ptext36                        text36       0659
__ptext37                        text37       12AC
__ptext38                        text38       07D7
__ptext39                        text39       1F74
__ptext4                         text4        1FDB
__ptext40                        text40       1F6B
__ptext41                        text41       1F62
__ptext42                        text42       1FAB
__ptext43                        text43       1491
__ptext44                        text44       14D5
__ptext45                        text45       11D6
__ptext46                        text46       135A
__ptext47                        text47       1421
__ptext48                        text48       08E1
__ptext49                        text49       086B
__ptext5                         text5        0997
__ptext50                        text50       0C67
__ptext51                        text51       13EB
__ptext6                         text6        0E31
__ptext7                         text7        1618
__ptext8                         text8        1264
__ptext9                         text9        1457
__stringbase                     strings      1812
__stringtab                      strings      1800
_change_password                 text36       0659
_change_time                     text26       037F
_clcd_print                      text46       135A
_clcd_putch                      text45       11D6
_clcd_write                      text47       1421
_clear_clcd_screen               text32       1FB8
_clear_log                       text25       132D
_clock_reg                       bssBANK1     00A0
_display_dashboard               text23       156D
_display_time                    text24       1672
_download_log                    text19       0A53
_get_time                        text28       1520
_i2c_read                        text31       1222
_i2c_rep_start                   text30       1F7F
_i2c_start                       text41       1F62
_i2c_stop                        text40       1F6B
_i2c_wait_for_idle               text42       1FAB
_i2c_write                       text39       1F74
_init_adc                        text18       1F53
_init_clcd                       text16       1F95
_init_config                     text9        1457
_init_digital_keypad             text15       1F4D
_init_display_controller         text17       1737
_init_ds1307                     text14       1FC9
_init_i2c                        text12       13B9
_init_timer2                     text11       1FA0
_init_uart                       text10       1389
_isr                             text51       13EB
_log                             bssBANK1     00AE
_log_car_event                   text7        1618
_log_count                       bssBANK0     0058
_login                           text6        0E31
_main                            maintext     0033
_menu                            dataBANK1    00D9
_menu_screen                     text5        0997
_nDONE                           (abs)        00FA
_putchar                         text22       1F8A
_puts                            text21       1286
_read_adc                        text4        1FDB
_read_at24c04                    text20       1302
_read_digital_keypad             text3        0800
_read_ds1307                     text29       12D7
_record_log                      text8        1264
_return_time                     bssBANK0     005A
_sec                             bssBANK0     0059
_strcpy                          text2        1243
_strncmp                         text44       14D5
_strncpy                         text43       1491
_time                            bssBANK1     00C2
_view_log                        text1        0B56
_write_at24c04                   text38       07D7
_write_ds1307                    text27       1204
_write_str_at24c04               text37       12AC
btemp                            (abs)        007E
change_password@blink_delay      bssBANK1     00A5
change_password@key              cstackBANK0  0022
change_password@new_pwd          bssBANK1     00B9
change_password@pwd_changed      bssBANK1     00A7
change_password@pwd_pos          bssCOMMON    007A
change_password@reset_flag       cstackBANK0  0024
change_password@toggle_cursor    bssBANK1     00A6
change_time@blink                bssBANK1     00AA
change_time@blink_pos            bssBANK1     00AB
change_time@buffer               cstackBANK0  002B
change_time@done                 bssBANK1     00A8
change_time@key                  cstackBANK0  002A
change_time@new_time             bssBANK0     0052
change_time@reset_flag           cstackBANK0  0022
change_time@wait                 bssBANK1     00A9
clcd_print@addr                  cstackCOMMON 0078
clcd_print@str                   cstackCOMMON 0076
clcd_putch@addr                  cstackBANK0  0020
clcd_putch@data                  cstackBANK0  0021
clcd_write@byte                  cstackCOMMON 0075
clcd_write@mode                  cstackCOMMON 0072
clear_ram0                       clrtext      1F5A
display_dashboard@event          cstackBANK0  0022
display_dashboard@speed          cstackBANK0  0023
download_log@addr                cstackBANK0  002B
download_log@i                   cstackBANK0  002F
download_log@index               cstackBANK0  002D
download_log@log                 cstackBANK0  0020
download_log@position            cstackBANK0  002C
end_of_initialization            cinit        002F
i2c_read@ack                     cstackCOMMON 0072
i2c_read@data                    cstackCOMMON 0073
i2c_write@data                   cstackCOMMON 0072
init_ds1307@dummy                cstackCOMMON 0076
init_fetch0                      inittext     11C3
init_i2c@baud                    cstackBANK0  0026
init_ram0                        inittext     11C7
init_uart@baud                   cstackBANK0  0026
interrupt_function               intentry     0004
intlevel0                        functab      0000
intlevel1                        functab      0000
intlevel2                        functab      0000
intlevel3                        functab      0000
intlevel4                        functab      0000
intlevel5                        functab      0000
isr@count                        bssBANK1     00A3
log_car_event@event              cstackBANK0  0021
log_car_event@speed              cstackBANK0  0023
login@attempt_left               bssBANK1     00AC
login@i                          bssBANK0     0057
login@j                          cstackBANK0  002B
login@key                        cstackBANK0  002A
login@reset_flag                 cstackBANK0  0022
login@stored_pwd                 cstackBANK0  0026
login@user_password              bssBANK1     00C9
main@F1251                       dataBANK1    00E3
main@F1253                       dataBANK1    00CD
main@control_flag                cstackBANK3  01A4
main@event                       cstackBANK3  019E
main@gear                        cstackBANK3  0190
main@gr                          cstackBANK3  01A1
main@key                         cstackBANK3  01A5
main@long_press                  cstackBANK3  019C
main@menu_pos                    cstackBANK3  019D
main@reset_flag                  cstackBANK3  01A2
main@speed                       cstackBANK3  01A3
menu_screen@key                  cstackBANK0  0025
menu_screen@menu_pos             bssBANK0     0056
menu_screen@reset_flag           cstackBANK0  0022
putchar@data                     cstackCOMMON 0072
puts@s                           cstackCOMMON 0073
read_adc@adc_reg_val             cstackCOMMON 0074
read_at24c04@addr                cstackCOMMON 0074
read_at24c04@data                cstackCOMMON 0075
read_digital_keypad@key          cstackCOMMON 0072
read_digital_keypad@long_press   bssBANK0     005B
read_digital_keypad@once         bssCOMMON    007B
read_digital_keypad@pre_key      bssBANK1     00AD
read_ds1307@addr                 cstackCOMMON 0074
read_ds1307@data                 cstackCOMMON 0075
record_log@addr                  cstackBANK0  0020
reset_vec                        reset_vec    0000
saved_w                          (abs)        007E
start                            init         000C
start_initialization             cinit        000F
strcpy@d                         cstackCOMMON 0077
strcpy@dest                      cstackCOMMON 0072
strcpy@src                       cstackCOMMON 0073
strncmp@l                        cstackCOMMON 0072
strncmp@n                        cstackCOMMON 0074
strncmp@r                        cstackCOMMON 0073
strncpy@cp                       cstackCOMMON 0079
strncpy@d                        cstackCOMMON 0072
strncpy@n                        cstackCOMMON 0075
strncpy@s                        cstackCOMMON 0073
view_log@addr                    cstackBANK0  0025
view_log@i                       cstackBANK0  0027
view_log@key                     cstackBANK0  0026
view_log@log_pos                 bssBANK0     0055
view_log@reset_flag              cstackBANK0  0022
write_at24c04@addr               cstackCOMMON 0076
write_at24c04@data               cstackCOMMON 0073
write_ds1307@addr                cstackCOMMON 0074
write_ds1307@data                cstackCOMMON 0073
write_str_at24c04@addr           cstackCOMMON 0079
write_str_at24c04@data           cstackCOMMON 0077
wtemp0                           (abs)        007E


MODULE INFORMATION

Module		Function		Class		Link	Load	Size
digital_keypad.c
		_init_digital_keypad		CODE           	1F4D	0000	6
		_read_digital_keypad		CODE           	0800	0000	107

digital_keypad.c estimated size: 113

uart.c
		_init_uart     		CODE           	1389	0000	48
		_puts          		CODE           	1286	0000	38
		_putchar       		CODE           	1F8A	0000	11

uart.c estimated size: 97

C:\Program Files\Microchip\xc8\v2.50\pic\sources\c99\common\strncmp.c
		_strncmp       		CODE           	14D5	0000	75

C:\Program Files\Microchip\xc8\v2.50\pic\sources\c99\common\strncmp.c estimated size: 75

C:\Program Files\Microchip\xc8\v2.50\pic\sources\c99\common\strncpy.c
		_strncpy       		CODE           	1491	0000	68

C:\Program Files\Microchip\xc8\v2.50\pic\sources\c99\common\strncpy.c estimated size: 68

C:\Program Files\Microchip\xc8\v2.50\pic\sources\c99\common\sprcdiv.c
		___fldiv       		CODE           	0C67	0000	458

C:\Program Files\Microchip\xc8\v2.50\pic\sources\c99\common\sprcdiv.c estimated size: 458

timer.c
		_init_timer2   		CODE           	1FA0	0000	11

timer.c estimated size: 11

i2c.c
		_i2c_start     		CODE           	1F62	0000	9
		_i2c_rep_start 		CODE           	1F7F	0000	11
		_i2c_write     		CODE           	1F74	0000	11
		_i2c_stop      		CODE           	1F6B	0000	9
		_i2c_read      		CODE           	1222	0000	33
		_init_i2c      		CODE           	13B9	0000	50
		_i2c_wait_for_idle		CODE           	1FAB	0000	13

i2c.c estimated size: 136

C:\Program Files\Microchip\xc8\v2.50\pic\sources\c99\common\awmod.c
		___awmod       		CODE           	15C1	0000	87

C:\Program Files\Microchip\xc8\v2.50\pic\sources\c99\common\awmod.c estimated size: 87

ds1307.c
		_read_ds1307   		CODE           	12D7	0000	43
		_write_ds1307  		CODE           	1204	0000	30
		_init_ds1307   		CODE           	1FC9	0000	18

ds1307.c estimated size: 91

adc.c
		_init_adc      		CODE           	1F53	0000	7
		_read_adc      		CODE           	1FDB	0000	18

adc.c estimated size: 25

C:\Program Files\Microchip\xc8\v2.50\pic\sources\c99\common\__lldiv.c
		___lldiv       		CODE           	179A	0000	102

C:\Program Files\Microchip\xc8\v2.50\pic\sources\c99\common\__lldiv.c estimated size: 102

C:\Program Files\Microchip\xc8\v2.50\pic\sources\c99\common\xxtofl.c
		___xxtofl      		CODE           	08E1	0000	182

C:\Program Files\Microchip\xc8\v2.50\pic\sources\c99\common\xxtofl.c estimated size: 182

isr.c
		_isr           		CODE           	13EB	0000	54

isr.c estimated size: 54

C:\Program Files\Microchip\xc8\v2.50\pic\sources\c99\common\strcpy.c
		_strcpy        		CODE           	1243	0000	33

C:\Program Files\Microchip\xc8\v2.50\pic\sources\c99\common\strcpy.c estimated size: 33

shared
		__stringtab    		STRING         	1800	0000	18
		__initialization		CODE           	000F	0000	32

shared estimated size: 50

clcd.c
		_clcd_write    		CODE           	1421	0000	54
		_clcd_print    		CODE           	135A	0000	47
		_clcd_putch    		CODE           	11D6	0000	21
		_init_display_controller		CODE           	1737	0000	99
		_init_clcd     		CODE           	1F95	0000	11

clcd.c estimated size: 232

C:\Program Files\Microchip\xc8\v2.50\pic\sources\c99\common\awdiv.c
		___awdiv       		CODE           	16D4	0000	99

C:\Program Files\Microchip\xc8\v2.50\pic\sources\c99\common\awdiv.c estimated size: 99

C:\Program Files\Microchip\xc8\v2.50\pic\sources\c99\common\fltol.c
		___fltol       		CODE           	086B	0000	118

C:\Program Files\Microchip\xc8\v2.50\pic\sources\c99\common\fltol.c estimated size: 118

at24c04.c
		_write_at24c04 		CODE           	07D7	0000	39
		_write_str_at24c04		CODE           	12AC	0000	43
		_read_at24c04  		CODE           	1302	0000	43

at24c04.c estimated size: 125

C:\Program Files\Microchip\xc8\v2.50\pic\sources\c99\common\Umul8.c
		___bmul        		CODE           	1FED	0000	19

C:\Program Files\Microchip\xc8\v2.50\pic\sources\c99\common\Umul8.c estimated size: 19

main.c
		_main          		CODE           	0033	0000	844
		_init_config   		CODE           	1457	0000	58

main.c estimated size: 902

car_block_box_def.c
		_view_log      		CODE           	0B56	0000	273
		_log_car_event 		CODE           	1618	0000	90
		_display_time  		CODE           	1672	0000	98
		_menu_screen   		CODE           	0997	0000	188
		_change_password		CODE           	0659	0000	382
		_display_dashboard		CODE           	156D	0000	84
		_get_time      		CODE           	1520	0000	77
		_record_log    		CODE           	1264	0000	34
		_download_log  		CODE           	0A53	0000	259
		_clear_log     		CODE           	132D	0000	45
		_clear_clcd_screen		CODE           	1FB8	0000	17
		_change_time   		CODE           	037F	0000	730
		_login         		CODE           	0E31	0000	463

car_block_box_def.c estimated size: 2740

